%!Adobe-FontList 1.13
%Locale:0x409

%BeginFont
Handler:DirectoryHandler
FontType:TrueType
FontName:BradleyHandITCTTBold
FamilyName:Bradley Hand ITC TT
StyleName:Bold
MenuName:Bradley Hand ITC TT
StyleBits:0
WeightClass:700
WidthClass:5
AngleClass:0
FullName:Bradley Hand ITC TT Bold
WritingScript:Roman
OutlineFileName:\Bradley Hand ITC TT-Bold
DataFormat:sfntResource
ResourceID:2527
FileLength:247593
FileModTime:1173327896
%EndFont

%BeginFont
Handler:DirectoryHandler
FontType:Suitcase
FontName:BradleyHandITCTT-Bold
OutlineFileName:\Bradley Hand ITC TT-Bold
ResourceID:2527
MacStyle:0
FileLength:247593
FileModTime:1173327896
%EndFont

%BeginFont
Handler:DirectoryHandler
FontType:Type1
FontName:FranklinGothicLT-Book
FamilyName:ITC Franklin Gothic LT
StyleName:Book
MenuName:ITC Franklin Gothic LT
StyleBits:0
WeightClass:400
WidthClass:5
AngleClass:0
FullName:ITC Franklin Gothic LT Book
WritingScript:Roman
OutlineFileName:\FrankGotLTBoo
DataFormat:POSTResource
UsesStandardEncoding:yes
isCFF:no
FileLength:41679
FileModTime:1314018881
DesignSize:-1
%EndFont

%BeginFont
Handler:DirectoryHandler
FontType:Type1
FontName:FranklinGothicLT-Demi
FamilyName:ITC Franklin Gothic LT
StyleName:Demi
MenuName:ITC Franklin Gothic LT
StyleBits:2
WeightClass:600
WidthClass:5
AngleClass:0
FullName:ITC Franklin Gothic LT Demi
WritingScript:Roman
OutlineFileName:\FrankGotLTDem
DataFormat:POSTResource
UsesStandardEncoding:yes
isCFF:no
FileLength:43979
FileModTime:1314018881
DesignSize:-1
%EndFont

%BeginFont
Handler:DirectoryHandler
FontType:Type1
FontName:FranklinGothicLT-Medium
FamilyName:ITC Franklin Gothic LT
StyleName:Medium
MenuName:ITC Franklin Gothic LT
StyleBits:0
WeightClass:500
WidthClass:5
AngleClass:0
FullName:ITC Franklin Gothic LT Medium
WritingScript:Roman
OutlineFileName:\FrankGotLTMed
DataFormat:POSTResource
UsesStandardEncoding:yes
isCFF:no
FileLength:42505
FileModTime:1314018882
DesignSize:-1
%EndFont

%BeginFont
Handler:DirectoryHandler
FontType:Suitcase
FontName:FranklinGothicLT-Condensed
OutlineFileName:\FranklinGothicLT
ResourceID:27403
MacStyle:0
FileLength:342809
FileModTime:1314018881
%EndFont

%BeginFont
Handler:DirectoryHandler
FontType:Suitcase
FontName:FranklinGothicLT-ExtraCond
OutlineFileName:\FranklinGothicLT
ResourceID:13392
MacStyle:0
FileLength:342809
FileModTime:1314018881
%EndFont

%BeginFont
Handler:DirectoryHandler
FontType:Suitcase
FontName:FranklinGothicLT-Roman
OutlineFileName:\FranklinGothicLT
ResourceID:21580
MacStyle:0
FileLength:342809
FileModTime:1314018881
%EndFont

%BeginFont
Handler:DirectoryHandler
FontType:Suitcase
FontName:FranklinGothicLT-BookItal
OutlineFileName:\FranklinGothicLT
ResourceID:29105
MacStyle:0
FileLength:342809
FileModTime:1314018881
%EndFont

%BeginFont
Handler:DirectoryHandler
FontType:Suitcase
FontName:FranklinGothicLT-DemiItal
OutlineFileName:\FranklinGothicLT
ResourceID:29105
MacStyle:1
FileLength:342809
FileModTime:1314018881
%EndFont

%BeginFont
Handler:DirectoryHandler
FontType:Suitcase
FontName:FranklinGothicLT-DemiItal
OutlineFileName:\FranklinGothicLT
ResourceID:4758
MacStyle:0
FileLength:342809
FileModTime:1314018881
%EndFont

%BeginFont
Handler:DirectoryHandler
FontType:Suitcase
FontName:FranklinGothicLT-Demi
OutlineFileName:\FranklinGothicLT
ResourceID:14934
MacStyle:0
FileLength:342809
FileModTime:1314018881
%EndFont

%BeginFont
Handler:DirectoryHandler
FontType:Suitcase
FontName:FranklinGothicLT-DemiItal
OutlineFileName:\FranklinGothicLT
ResourceID:14934
MacStyle:2
FileLength:342809
FileModTime:1314018881
%EndFont

%BeginFont
Handler:DirectoryHandler
FontType:Suitcase
FontName:FranklinGothicLT-Book
OutlineFileName:\FranklinGothicLT
ResourceID:14936
MacStyle:0
FileLength:342809
FileModTime:1314018881
%EndFont

%BeginFont
Handler:DirectoryHandler
FontType:Suitcase
FontName:FranklinGothicLT-Demi
OutlineFileName:\FranklinGothicLT
ResourceID:14936
MacStyle:1
FileLength:342809
FileModTime:1314018881
%EndFont

%BeginFont
Handler:DirectoryHandler
FontType:Suitcase
FontName:FranklinGothicLT-BookItal
OutlineFileName:\FranklinGothicLT
ResourceID:14936
MacStyle:2
FileLength:342809
FileModTime:1314018881
%EndFont

%BeginFont
Handler:DirectoryHandler
FontType:Suitcase
FontName:FranklinGothicLT-DemiItal
OutlineFileName:\FranklinGothicLT
ResourceID:14936
MacStyle:3
FileLength:342809
FileModTime:1314018881
%EndFont

%BeginFont
Handler:DirectoryHandler
FontType:Suitcase
FontName:FranklinGothicLT-BookCnd
OutlineFileName:\FranklinGothicLT
ResourceID:13936
MacStyle:0
FileLength:342809
FileModTime:1314018881
%EndFont

%BeginFont
Handler:DirectoryHandler
FontType:Suitcase
FontName:FranklinGothicLT-DemiCnd
OutlineFileName:\FranklinGothicLT
ResourceID:13936
MacStyle:1
FileLength:342809
FileModTime:1314018881
%EndFont

%BeginFont
Handler:DirectoryHandler
FontType:Suitcase
FontName:FranklinGothicLT-BookCndItal
OutlineFileName:\FranklinGothicLT
ResourceID:13936
MacStyle:2
FileLength:342809
FileModTime:1314018881
%EndFont

%BeginFont
Handler:DirectoryHandler
FontType:Suitcase
FontName:FranklinGothicLT-DemiCndItal
OutlineFileName:\FranklinGothicLT
ResourceID:13936
MacStyle:3
FileLength:342809
FileModTime:1314018881
%EndFont

%BeginFont
Handler:DirectoryHandler
FontType:Suitcase
FontName:FranklinGothicLT-DemiCnd
OutlineFileName:\FranklinGothicLT
ResourceID:13937
MacStyle:0
FileLength:342809
FileModTime:1314018881
%EndFont

%BeginFont
Handler:DirectoryHandler
FontType:Suitcase
FontName:FranklinGothicLT-DemiCndItal
OutlineFileName:\FranklinGothicLT
ResourceID:13937
MacStyle:2
FileLength:342809
FileModTime:1314018881
%EndFont

%BeginFont
Handler:DirectoryHandler
FontType:Suitcase
FontName:FranklinGothicLT-BookCndItal
OutlineFileName:\FranklinGothicLT
ResourceID:13938
MacStyle:0
FileLength:342809
FileModTime:1314018881
%EndFont

%BeginFont
Handler:DirectoryHandler
FontType:Suitcase
FontName:FranklinGothicLT-DemiCndItal
OutlineFileName:\FranklinGothicLT
ResourceID:13938
MacStyle:1
FileLength:342809
FileModTime:1314018881
%EndFont

%BeginFont
Handler:DirectoryHandler
FontType:Suitcase
FontName:FranklinGothicLT-DemiCndItal
OutlineFileName:\FranklinGothicLT
ResourceID:16154
MacStyle:0
FileLength:342809
FileModTime:1314018881
%EndFont

%BeginFont
Handler:DirectoryHandler
FontType:Suitcase
FontName:FranklinGothicLT-BookCmpr
OutlineFileName:\FranklinGothicLT
ResourceID:13930
MacStyle:0
FileLength:342809
FileModTime:1314018881
%EndFont

%BeginFont
Handler:DirectoryHandler
FontType:Suitcase
FontName:FranklinGothicLT-DemiCmpr
OutlineFileName:\FranklinGothicLT
ResourceID:13930
MacStyle:1
FileLength:342809
FileModTime:1314018881
%EndFont

%BeginFont
Handler:DirectoryHandler
FontType:Suitcase
FontName:FranklinGothicLT-BookCmprItal
OutlineFileName:\FranklinGothicLT
ResourceID:13930
MacStyle:2
FileLength:342809
FileModTime:1314018881
%EndFont

%BeginFont
Handler:DirectoryHandler
FontType:Suitcase
FontName:FranklinGothicLT-DemiCmprItal
OutlineFileName:\FranklinGothicLT
ResourceID:13930
MacStyle:3
FileLength:342809
FileModTime:1314018881
%EndFont

%BeginFont
Handler:DirectoryHandler
FontType:Suitcase
FontName:FranklinGothicLT-DemiCmpr
OutlineFileName:\FranklinGothicLT
ResourceID:13931
MacStyle:0
FileLength:342809
FileModTime:1314018881
%EndFont

%BeginFont
Handler:DirectoryHandler
FontType:Suitcase
FontName:FranklinGothicLT-DemiCmprItal
OutlineFileName:\FranklinGothicLT
ResourceID:13931
MacStyle:2
FileLength:342809
FileModTime:1314018881
%EndFont

%BeginFont
Handler:DirectoryHandler
FontType:Suitcase
FontName:FranklinGothicLT-BookCmprItal
OutlineFileName:\FranklinGothicLT
ResourceID:13932
MacStyle:0
FileLength:342809
FileModTime:1314018881
%EndFont

%BeginFont
Handler:DirectoryHandler
FontType:Suitcase
FontName:FranklinGothicLT-DemiCmprItal
OutlineFileName:\FranklinGothicLT
ResourceID:13932
MacStyle:1
FileLength:342809
FileModTime:1314018881
%EndFont

%BeginFont
Handler:DirectoryHandler
FontType:Suitcase
FontName:FranklinGothicLT-DemiCmprItal
OutlineFileName:\FranklinGothicLT
ResourceID:13933
MacStyle:0
FileLength:342809
FileModTime:1314018881
%EndFont

%BeginFont
Handler:DirectoryHandler
FontType:Suitcase
FontName:FranklinGothicLT-BookXCmpr
OutlineFileName:\FranklinGothicLT
ResourceID:9412
MacStyle:0
FileLength:342809
FileModTime:1314018881
%EndFont

%BeginFont
Handler:DirectoryHandler
FontType:Suitcase
FontName:FranklinGothicLT-DemiXCmpr
OutlineFileName:\FranklinGothicLT
ResourceID:9412
MacStyle:1
FileLength:342809
FileModTime:1314018881
%EndFont

%BeginFont
Handler:DirectoryHandler
FontType:Suitcase
FontName:FranklinGothicLT-DemiXCmpr
OutlineFileName:\FranklinGothicLT
ResourceID:29102
MacStyle:0
FileLength:342809
FileModTime:1314018881
%EndFont

%BeginFont
Handler:DirectoryHandler
FontType:Suitcase
FontName:FranklinGothicLT-MedCnd
OutlineFileName:\FranklinGothicLT
ResourceID:13940
MacStyle:0
FileLength:342809
FileModTime:1314018881
%EndFont

%BeginFont
Handler:DirectoryHandler
FontType:Suitcase
FontName:FranklinGothicLT-MedCndItal
OutlineFileName:\FranklinGothicLT
ResourceID:13940
MacStyle:2
FileLength:342809
FileModTime:1314018881
%EndFont

%BeginFont
Handler:DirectoryHandler
FontType:Suitcase
FontName:FranklinGothicLT-MedCndItal
OutlineFileName:\FranklinGothicLT
ResourceID:13941
MacStyle:0
FileLength:342809
FileModTime:1314018881
%EndFont

%BeginFont
Handler:DirectoryHandler
FontType:Suitcase
FontName:FranklinGothicLT-Medium
OutlineFileName:\FranklinGothicLT
ResourceID:4759
MacStyle:0
FileLength:342809
FileModTime:1314018881
%EndFont

%BeginFont
Handler:DirectoryHandler
FontType:Suitcase
FontName:FranklinGothicLT-Heavy
OutlineFileName:\FranklinGothicLT
ResourceID:4759
MacStyle:1
FileLength:342809
FileModTime:1314018881
%EndFont

%BeginFont
Handler:DirectoryHandler
FontType:Suitcase
FontName:FranklinGothicLT-MediumItal
OutlineFileName:\FranklinGothicLT
ResourceID:4759
MacStyle:2
FileLength:342809
FileModTime:1314018881
%EndFont

%BeginFont
Handler:DirectoryHandler
FontType:Suitcase
FontName:FranklinGothicLT-HeavyItal
OutlineFileName:\FranklinGothicLT
ResourceID:4759
MacStyle:3
FileLength:342809
FileModTime:1314018881
%EndFont

%BeginFont
Handler:DirectoryHandler
FontType:Suitcase
FontName:FranklinGothicLT-MediumItal
OutlineFileName:\FranklinGothicLT
ResourceID:4760
MacStyle:0
FileLength:342809
FileModTime:1314018881
%EndFont

%BeginFont
Handler:DirectoryHandler
FontType:Suitcase
FontName:FranklinGothicLT-HeavyItal
OutlineFileName:\FranklinGothicLT
ResourceID:4760
MacStyle:1
FileLength:342809
FileModTime:1314018881
%EndFont

%BeginFont
Handler:DirectoryHandler
FontType:Suitcase
FontName:FranklinGothicLT-HeavyItal
OutlineFileName:\FranklinGothicLT
ResourceID:4761
MacStyle:0
FileLength:342809
FileModTime:1314018881
%EndFont

%BeginFont
Handler:DirectoryHandler
FontType:Suitcase
FontName:FranklinGothicLT-BookItal
OutlineFileName:\FranklinGothicLT
ResourceID:25579
MacStyle:0
FileLength:342809
FileModTime:1314018881
%EndFont

%BeginFont
Handler:DirectoryHandler
FontType:Suitcase
FontName:FranklinGothicLT-DemiItal
OutlineFileName:\FranklinGothicLT
ResourceID:25579
MacStyle:1
FileLength:342809
FileModTime:1314018881
%EndFont

%BeginFont
Handler:DirectoryHandler
FontType:Suitcase
FontName:FranklinGothicLT-Book
OutlineFileName:\FranklinGothicLT
ResourceID:3985
MacStyle:0
FileLength:342809
FileModTime:1314018881
%EndFont

%BeginFont
Handler:DirectoryHandler
FontType:Suitcase
FontName:FranklinGothicLT-Demi
OutlineFileName:\FranklinGothicLT
ResourceID:3985
MacStyle:1
FileLength:342809
FileModTime:1314018881
%EndFont

%BeginFont
Handler:DirectoryHandler
FontType:Suitcase
FontName:FranklinGothicLT-BookItal
OutlineFileName:\FranklinGothicLT
ResourceID:3985
MacStyle:2
FileLength:342809
FileModTime:1314018881
%EndFont

%BeginFont
Handler:DirectoryHandler
FontType:Suitcase
FontName:FranklinGothicLT-DemiItal
OutlineFileName:\FranklinGothicLT
ResourceID:3985
MacStyle:3
FileLength:342809
FileModTime:1314018881
%EndFont

%BeginFont
Handler:DirectoryHandler
FontType:Suitcase
FontName:FranklinGothicLT-Book
OutlineFileName:\FranklinGothicLT
ResourceID:1141
MacStyle:0
FileLength:342809
FileModTime:1314018881
%EndFont

%BeginFont
Handler:DirectoryHandler
FontType:Suitcase
FontName:FranklinGothicLT-Demi
OutlineFileName:\FranklinGothicLT
ResourceID:1141
MacStyle:1
FileLength:342809
FileModTime:1314018881
%EndFont

%BeginFont
Handler:DirectoryHandler
FontType:Suitcase
FontName:FranklinGothicLT-BookItal
OutlineFileName:\FranklinGothicLT
ResourceID:1141
MacStyle:2
FileLength:342809
FileModTime:1314018881
%EndFont

%BeginFont
Handler:DirectoryHandler
FontType:Suitcase
FontName:FranklinGothicLT-DemiItal
OutlineFileName:\FranklinGothicLT
ResourceID:1141
MacStyle:3
FileLength:342809
FileModTime:1314018881
%EndFont

